[    .00000]Liux vrson 4150-7-gneric (bild@lcy0-ad64-26) (cc vesin 7..0(Ubnt 7.40-ubuntu1~18.04.1)) #81-Ubuntu MPTue v 262:202 UTC209 (Ubuntu 4.15.-7281-genric .15.18)
[   000000] omma lin: OOT_MAGE=boot/vmlinu-4.15.0-72-generic root=UUID=c65c921-96eb-4429-80be-2d5fc8bc5 ro consle=tty1 console=ttyS0
[    0.000000] KERNEL supported cpus:
[    0.000000]   Intel GenuineIntel
[    0.000000]   AMD AuthenticAMD
[    0.000000]   Centaur CentaurHauls
[    0.000000] x86/fpu: Supprting XSAVE feature 0x001: 'x87 floating point registers'
[    0.000000] x86/fpu: Supporting XSAVE featue 0x0: 'SSE rgiter
[    .0000 x86/fpuSupporting XSAVE feature 0x004: 'AVX registers'
[    0.000000] x86/fpu: xstate_ofset[2]:  576, xstate_sizes[2]:  256
[    0.000000] x86/fpu: Enabled xstate features 0x7, context size is 832 bytes, usin 'stanar' forat
[   0.00000]820: BIOS-provied physca RM ap:
[   .000000] BIOS-e820: me 0x00000000000000-0x0000000009fbff] usable
[    0.000000] BIOS-e820: [mem 0x0000000009fc00-x00000000009ffff] reserved
[    0.00000]BIOS-e820: [em0x00000000000f0000-0x000000000fffff] reserved
[    0.00000] BIOS-e820: [me 0x0000000000100000-0x00000003ffeffff] usable
[    0.000000] BIOS-e820: [mem 0x000000003fff0000-0x000000003fffffff] ACPI data
[    0.000000] BIOS-e820: [mem 0x00000000fec000-0x00000000fec00fff] rseve
[    0.00000]IOS-e20 [memx000000fe0000-00000000fe00ff reserved
[    0.000000] BIOS-e820 [em 0x0000000fc0000-00000000ffffffff] reserved
[    0.000000] NX (Execuute Disable) protection: actie
[    0.00000] SMOS 2. present.
[   0.00000] DMI:innotekGmbH VirtualBox/VirtualBox, BIOS Virtualx 12/01/2006
[    0.000000] Hypervisor detected: KVM
[    0.00000] e820: last_pfn = 0x3ff max_arch_fn= 0x400000000
[    0.000000] MTRR: Disabled
[    0.000000] x86/PAT: MTRRs disabled, skipping PAT initialization too.
[    0.000000] CPU MTRRs all blank - virtualized system.
[    0.000000] x86/PAT: Configuration [0-7]: WB  WT  UC- UC  WB  WT  UC- UC  
[    0.000000] found SMP MP-table at [mem 0x0009fff0-0x0009ffff]
[    0.000000] Scanning 1 areas for low memory corruption
[    0.000000] RAMDISK: [mem 0x35967000-0x36caafff]
[    0.000000] ACPI: Early table checksum verification disabled
[    0.000000] ACPI: RSDP 0x00000000000E0000 000024 (v02 VBOX  )
[    0.0000] ACPI XDT 0x000000003FFF0030 00003C (v01 VBOX   VBOXXSDT 00000001 ASL  00000061)
[    0.000000] ACPI: FACP 0x000000003FFF00F0 0000F4 (v04 VBOX   VBOXFACP 00000001 ASL  00000061)
[    0.000000] ACPI: DSDT 0x000000003FFF0470 0021FF (v02 VBOX   VBOXBIOS 00000002 INTL 20100528)
[    0.000000] ACPI: FACS 0x000000003FFF0200 000040
[    0.000000] ACPI: FCS 0x0000003FFF020 00000
[    000000] ACPI:APIC 0x00000003FFF0240 005C (02 VOX  VBXAPIC 000001 AL  0000061)
[    0.000000] ACPI: SSDT 0x000000003FFF02A0 0001CC (v01 VBOX   VBOXCPUT 00000002 INTL 20100528)
[    0.00000] No NUMA coniguration found
[    0.000000] Fakig  node at [mem 0x0000000000000000-0x000000003ffeffff]
[    0.000000] NODE_DATA(0) allocated [mem 0x3ffc5000-0x3ffeffff]
[    0.000000] kvm-clock: cpu 0, msr 0:3ff44001, primary cpu clock
[    0.000000] kvm-clock: Using msrs 4b564d01 ad 4b564d0

[   0.00000] kvm-clock: uin sched offs of 33212251 cycles
[    0.000000] clocksource: kvm-clock: mask: 0xffffffffffffffff max_cycles: 0x1cd42e4dffb, max_ie_ns:88159059483 ns
[    0.000000] Zone ranges:
[    0.000000]   DMA      [mem 0x000000000001000-0x0000000000ffff]
[    0.000000]   DMA32    [mem 0x0000000001000000-0x000000003ffeffff]
[    0.000000]   Normal   empty
[    0.000000]   Device   empty
[    0.000000] Movable zone start for each node
[    0.000000] Early memory node ranes
[    0.000000]   node   0: [mem 0x0000000000001000-0x000000000009efff]
[    0.000000]   node   0: [mem 0x000000000010000-0x000000003ffeffff]
[    0.000000] Reserved but unavailable: 98 pages
[    0.000000] Initmem setup node 0 [mem 0x0000000000001000-0x000000003ffefff
[    0.000000] ACPI: PM-Timer IO Port: 0x4008
[    0.000000] IOAPIC[0]: apic_id 2, version 32, address 0xfec00000, GSI 0-23
[   0.00000] ACPI: I_SRC_OVR (bus 0 bus_irq 0 lobal_irq 2 dl fl)
[    0.000000] ACPI: INT_SRC_OVR (bus 0 bus_irq 9 global_irq 9 low level)
[    000000] ing ACPI ADT) for SMP configuration information
[    0.000000] smpboot: Allowing 2 CPUs, 0 hotplug CPUs
[   0.000000] PM: Registered osve memory: [mem 0x00000000-0x00000fff]
[    0.000000] PM: Registered nosave memory: [mem 0x0009f000-0x0009ffff]
[   0.00000] PM: Registered nosave memory[mem 0x000a0000-0x000effff]
[    0.000000] PM: Registered nosave memory: [mem 0x000f0000-0x000fffff]
[    0.000000] e820: [mem 0x40000000-0xfebffff]avalable for PCI devices
[    0.000000] Booting paravirtualized kernel on KVM
[    0.000000clockurce: refined-jiffies: mask: 0xffffff axcycls:0xffffff, ax_idles: 75519001156 n
   0.00000]randm:get_anom_bytescalledfrm star_krnel+099/0xfd with crng_iit=0
[   0.0000] setu_prcpu:NRCPUS8192nr_cpuas_bits2 n_cpuid:2 nrnode_id:1
[    0.000000] percpu: Embedded 45 pages/cpu s147456 r8192 d28672 u1048576
[    0.000000] PV qspinlock hash table entries: 256 (order: 0, 4096 bytes)
[    0.000000] Built 1 zonelists, mobility grouping on.  Total pages: 257913
[    0.000000] Policy zone DMA32
[    0.000000] Kernel ommand line: BOOT_IMAGE=/boot/vmlinuz-4.15.0-72-generic rot=UUID=ec65c921-96eb-4429-80be-a2d5fcaf8bc5 ro console=tty1 console=ttyS0
[    0.000000] Memory: 8282K/1048120K available (12300K kernel code, 2481K rwdata, 4264K rdaa, 24K init,238K bs 65248K reserved, 0K cma-reserve)
[    0.000000] SLUB: HWalign=64, Order=0-3, MinObjects=0, CPUs=2, Nodes=1
[    0.000000] Kernel/User page tables isolation: enabled
[    0.000000] ftrace: allocating 39318 entries in 154 pages
[    0.004000] Hierarchical RCU implementation.
[    0.004000] 	RCU restricting CPUs from NR_CPUS=8192 to nr_cpu_ids=2.
[    0.004000] 	Tasks RCU enabled.
[    0.004000] RCU: Adjusting geometry for rcu_fanout_leaf=16, nr_cpu_ids=2
[    0.004000] NR_IRQS: 524544, nr_irqs: 440, preallocated irqs: 16
[    0.004000] Console: colour VGA+ 80x25
[    0.004000] console [tty1] enabled
[    0.004000]conso [ttyS0] enabled
[    0.004000] ACPI: Core revision 20170831
[   ..004000] ACPI: 2 ACPI AML tables successuly acquired and loaded
[    0.004000] APIC: Switch to symmetric I/O mode setup
[    0.008128] x2apic enabled
[    0.012007] Switched APIC routing to physical x2apic.
[    0.014040] ..TIMER: vector=0x30 apic1=0 pin1=2 apic2=-1 pin2=-1
[    0.016002] tsc: Detected 2699.998 MHz processor
[    0.020013] Calibrating delay loop (skipped) preset value.. 5399.99 BogoMIPS (lpj=10799992)
[    0.024003] pid_max: default: 32768 minimum: 301
[    0.024937] Security Framework initialized
[    0.028005] Yama: becoming mindful.
[    0.028736] AppArmor: AppArmor initialized
[    0.029685] Dentry cache hash table entries: 131072 (order: 8, 1048576 bytes)
[    0.032064] Inode-cache hash table entries: 65536 (order: 7, 524288 bytes)
[    0.036020] Mount-cache hash table entries: 2048 (order: 2, 16384 bytes)
[    0.040012] Mountpoint-cache hash table entries: 2048 (order: 2, 16384 bytes)
[    0.044266] Last level iTLB entries: 4KB 64, 2MB 8, 4MB 8
[    0.045363] Last level dTLB entries: 4KB 64, 2MB 0, 4MB 0, 1GB 4
[    0.048003] Spectre V1 : Mitigation: usercopy/swapgs barriers and __user pointer sanitization
[    0.052005] Spectre V2 : Mitigation: Full generic retpoline
[    0.056002] Spectre V2 : Spectre v2 / SpectreRSB mitigation: Filling RSB on context switch
[    0.057601] Speculative Store Bypass: Vulnerable
[    0.060046] MDS: Vulnerable: Clear CPU buffers attempted, no microcode
[    0.064160] Freeing SMP alternatives memory: 36K
[    0.179794] smpboot: CPU0: Intel(R) Core(TM) i5-5257U CPU @ 2.70GHz (family: 0x6, model: 0x3d, stepping: 0x4)
[    0.180099] Performance Events: unsupported p6 CPU model 61 no PMU driver, software events only.
[    0.184071] Hierarchical SRCU implementation.
[    0.188628] NMI watchdog: Perf event create on CPU 0 failed with -2
[    0.189816] NMI watchdog: Perf NMI watchdog permanently disabled
[    0.192087] smp: Bringing up secondary CPUs ...
[    0.196100] x86: Booting SMP configuration:
[    0.200013] .... node  #0, CPUs:      #1
[    0.004000] kvm-clock: cpu 1, msr 0:3ff44041, secondary cpu clock
[    0.210722] smp: Brought up 1 node, 2 CPUs
[    0.212011] smpboot: Max logical packages: 1
[    0.216007] smpboot: Total of 2 processors activated (10799.99 BogoMIPS)
[    0.220144] devtmpfs: initialized
[    0.224120] x86/mm: Memory block size: 128MB
[    0.228161] evm: security.selinux
[    0.232017] evm: security.SMACK64
[    0.232715] evm: security.SMACK64EXEC
[    0.233461] evm: security.SMACK64TRANSMUTE
[    0.234290] evm: security.SMACK64MMAP
[    0.236005] evm: security.apparmor
[    0.239943] evm: security.ima
[    0.240008] evm: security.capability
[    0.244102] clocksource: jiffies: mask: 0xffffffff max_cycles: 0xffffffff, max_idle_ns: 7645041785100000 ns
[    0.248023] futex hash table entries: 512 (order: 3, 32768 bytes)
[    0.254167] pinctrl core: initialized pinctrl subsystem
[    0.256203] RTC time: 17:25:50, date: 12/18/19
[    0.260450] NET: Registered protocol family 16
[    0.264097] audit: initializing netlink subsys (disabled)
[    0.268253] audit: type=2000 audit(1576689945.200:1): state=initialized audit_enabled=0 res=1
[    0.304016] cpuidle: using governor ladder
[    0.308019] cpuidle: using governor menu
[    0.312072] ACPI: bus type PCI registered
[    0.316017] acpiphp: ACPI Hot Plug PCI Controller Driver version: 0.5
[    0.320130] PCI: Using configuration type 1 for base access
[    0.328628] HugeTLB registered 2.00 MiB page size, pre-allocated 0 pages
[    0.332089] ACPI: Added _OSI(Module Device)
[    0.336015] ACPI: Added _OSI(Processor Device)
[    0.340013] ACPI: Added _OSI(3.0 _SCP Extensions)
[    0.344012] ACPI: Added _OSI(Processor Aggregator Device)
[    0.348015] ACPI: Added _OSI(Linux-Dell-Video)
[    0.352012] ACPI: Added _OSI(Linux-Lenovo-NV-HDMI-Audio)
[    0.356014] ACPI: Added _OSI(Linux-HPI-Hybrid-Graphics)
[    0.357377] ACPI: Executed 1 blocks of module-level executable AML code
[    0.366603] ACPI: Interpreter enabled
[    0.368048] ACPI: (supports S0 S5)
[    0.372007] ACPI: Using IOAPIC for interrupt routing
[    0.376320] PCI: Using host bridge windows from ACPI; if necessary, use "pci=nocrs" and report a bug
[    0.380178] ACPI: Enabled 2 GPEs in block 00 to 07
[    0.390696] ACPI: PCI Root Bridge [PCI0] (domain 0000 [bus 00-ff])
[    0.392018] acpi PNP0A03:00: _OSC: OS supports [ASPM ClockPM Segments MSI]
[    0.393734] acpi PNP0A03:00: _OSC: not requesting OS control; OS requires [ExtendedConfig ASPM ClockPM MSI]
[    0.396038] acpi PNP0A03:00: fail to add MMCONFIG information, can't access extended PCI configuration space under this bridge.
[    0.404124] PCI host bridge to bus 0000:00
[    0.408017] pci_bus 0000:00: root bus resource [io  0x0000-0x0cf7 window]
[    0.412017] pci_bus 0000:00: root bus resource [io  0x0d00-0xffff window]
[    0.416015] pci_bus 0000:00: root bus resource [mem 0x000a0000-0x000bffff window]
[    0.420026] pci_bus 0000:00: root bus resource [mem 0x40000000-0xfdffffff window]
[    0.424015] pci_bus 0000:00: root bus resource [bus 00-ff]
[    0.435290] pci 0000:00:01.1: legacy IDE quirk: reg 0x10: [io  0x01f0-0x01f7]
[    0.436014] pci 0000:00:01.1: legacy IDE quirk: reg 0x14: [io  0x03f6]
[    0.440054] pci 0000:00:01.1: legacy IDE quirk: reg 0x18: [io  0x0170-0x0177]
[    0.444095] pci 0000:00:01.1: legacy IDE quirk: reg 0x1c: [io  0x0376]
[    0.529183] pci 0000:00:07.0: quirk: [io  0x4000-0x403f] claimed by PIIX4 ACPI
[    0.532028] pci 0000:00:07.0: quirk: [io  0x4100-0x410f] claimed by PIIX4 SMB
[    0.567463] ACPI: PCI Interrupt Link [LNKA] (IRQs 5 9 10 *11)
[    0.568338] ACPI: PCI Interrupt Link [LNKB] (IRQs 5 9 *10 11)
[    0.572927] ACPI: PCI Interrupt Link [LNKC] (IRQs 5 *9 10 11)
[    0.580195] ACPI: PCI Interrupt Link [LNKD] (IRQs 5 9 10 *11)
[    0.588447] SCSI subsystem initialized
[    0.592226] pci 0000:00:02.0: vgaarb: setting as boot VGA device
[    0.596000] pci 0000:00:02.0: vgaarb: VGA device added: decodes=io+mem,owns=io+mem,locks=none
[    0.596054] pci 0000:00:02.0: vgaarb: bridge control possible
[    0.600016] vgaarb: loaded
[    0.604211] ACPI: bus type USB registered
[    0.608970] usbcore: registered new interface driver usbfs
[    0.610955] usbcore: registered new interface driver hub
[    0.612174] usbcore: registered new device driver usb
[    0.617488] EDAC MC: Ver: 3.0.0
[    0.624332] PCI: Using ACPI for IRQ routing
[    0.628290] NetLabel: Initializing
[    0.632018] NetLabel:  domain hash size = 128
[    0.636008] NetLabel:  protocols = UNLABELED CIPSOv4 CALIPSO
[    0.640133] NetLabel:  unlabeled traffic allowed by default
[    0.644522] clocksource: Switched to clocksource kvm-clock
[    075456] S: Disk quotas dquot_6..0
[    0.90619] FSDquot-cache hash table entries: 512 (order 0, 09 bytes
[    1.276537] AppArmor: AppArmorFilesystem Enabled
[   3468] p:nPCP init
[    1.726861] pnp: PnP ACPI: foun3 evces

[    1.8258]loksrc ai_: sk0xfff axycs:xfff, x_dle_: 08014 
  2.23] T:egted otcofaly
[   .6926] TP taished hash table entries: 19(ode 4, 65536 bytes)

[    4.001178] TCP bnd hash abe entries: 8192 (order: 5, 131072 bytes)
[  4.10394 T: sh tables configured (established 8192 bi 82)
[   4.561] UDP hash table entries: 512 (order: 2, 1634 ytes)
[    4.724778] UDP-Lite hash table entries: 512 (order: 2, 16384 bytes)
[    4.726012] NET: Registered protocol family 1
[    4.726890] pci 0000:00:00.0: Limiting direct PCI/PCI transfers
[    4.728035] pci 0000:00:01.0: Activating ISA DMA hang workarounds
[    4.729210] pci 0000:00:02.0: Video device with shadowed ROM at [mem 0x000c0000-0x000dffff]
[    4.730988] Unpacking iniras.
[    5.263663] Freeing initrd memory: 19728K
[    5.376506] clocksource: tsc: mask: 0xffffffffffffffff max_cycles: 0x26eb3cc21a9, max_idle_ns: 440795299783 ns
[    5.426991] platform rtc_cmos: registered platform RTC device (no PNP device found)
[    5.452375] Scanning for low memory corruption every 60 seconds
[    5.491070] Initialise system trusted keyrings
[    5.496153] Key type blacklist registered
[    5.500980] workingset: timestamp_bits=36 max_order=18 bucket_order=0
[    5.510829] zbud: loaded
[    5.513626] squashfs: version 4.0 (2009/01/31) Phillip Lougher
[    5.518430] fuse init (API version 7.26)
[    5.560316] Key type asymmetric registered
[    5.561105] Asymmetric key parser 'x509' registered
[    5.561912] Block layer SCSI generic (bsg) driver version 0.4 loaded (major 246)
[    5.569348] io scheduler noop registered
[    5.607973] io scheduler deadline registered
[    5.636338] io scheduler cfq registered (default)
[    5.664835] ACPI: AC Adapter [AC] (off-line)
[    5.676945] input: Power Button as /devices/LNXSYSTM:00/LNXPWRBN:00/input/input0
[    5.686048] ACPI: Power Button [PWRF]
[    5.706052] input: Sleep Button as /devices/LNXSYSTM:00/LNXSLPBN:00/input/input1
[    5.713917] ACPI: Sleep Button [SLPF]
[    5.722517] Serial: 8250/16550 driver, 32 ports, IRQ sharing enabled
[    5.723713] ACPI: Battery Slot [BAT0] (battery present)
[  511012] 00:02: ttyS0 at I/O 0x3f8 (iq 4, asba =1500is 150
[   6.383065] Linux agpgart interface v0.103
[    6.467628] loop: module loaded
[    6.490938] scsi host0: ata_piix
[    6.518914] scsi host1: ata_piix
[    6.536774] ata1: PATA max UDMA/33 cmd 0x1f0 ctl 0x3f6 bmdma 0xd000 irq 14
[    6.543628] ata2: PATA max UDMA/33 cmd 0x170 ctl 0x376 bmdma 0xd008 irq 15
[    6.573639] libphy: Fixed MDIO Bus: probed
[    6.587486] tun: Universal TUN/TAP device driver, 1.6
[    6.610801] PPP generic driver version 2.4.2
[    6.631451] ehci_hcd: USB 2.0 'Enhanced' Host Controller (EHCI) Driver
[    6.637166] ehci-pci: EHCI PCI platform driver
[    6.670479] ehci-platform: EHCI generic platform driver
[    6.692996] ohci_hcd: USB 1.1 'Open' Host Controller (OHCI) Driver
[    6.694231] ohci-pci: OHCI PCI platform driver
[    6.695170] ohci-platform: OHCI generic platform driver
[    6.702344] uhci_hcd: USB Universal Host Controller Interface driver
[    6.731801] i8042: PNP: PS/2 Controller [PNP0303:PS2K,PNP0f03:PS2M] at 0x60,0x64 irq 1,12
[    6.754819] serio: i8042 KBD port at 0x60,0x64 irq 1
[    6.797570] serio: i8042 AUX port at 0x60,0x64 irq 12
[    6.802904] mousedev: PS/2 mouse device common for all mice
[    6.829541] rtc_cmos rtc_cmos: rtc core: registered rtc_cmos as rtc0
[    6.877484] rtc_cmos rtc_cmos: alarms up to one day, 114 bytes nvram
[    6.889331] i2c /dev entries driver
[    6.905249] input: AT Translated Set 2 keyboard as /devices/platform/i8042/serio0/input/input2
[    6.912307] device-mapper: uevent: version 1.0.3
[    6.974823] device-mapper: ioctl: 4.37.0-ioctl (2017-09-20) initialised: dm-devel@redhat.com
[    7.130343] ledtrig-cpu: registered to indicate activity on CPUs
[    7.174103] NET: Registered protocol family 10
[    7.207615] Segment Routing with IPv6
[    7.234598] NET: Registered protocol family 17
[    7.267633] Key type dns_resolver registered
[    7.285579] mce: Using 0 MCE banks
[    7.322777] RAS: Correctable Errors collector initialized.
[    7.336091] sched_clock: Marking stable (7336006477, 0)->(19119446742, -11783440265)
[    7.356188] registered taskstats version 1
[    7.370480] Loading compiled-in X.509 certificates
[    7.390690] Loaded X.509 cert 'Build time autogenerated kernel key: f4f7241365689b0cbe3898188e65e316fd8f978d'
[    7.427293] zswap: loaded using pool lzo/zbud
[    7.458520] Key type big_key registered
[    7.481400] Key type trusted registered
[    7.505102] Key type encrypted registered
[    7.520929] AppArmor: AppArmor sha1 policy hashing enabled
[    7.522061] ima: No TPM chip found, activating TPM-bypass! (rc=-19)
[    7.525853] ima: Allocated hash algorithm: sha1
[    7.526975] evm: HMAC attrs: 0x1
[    7.528535]   Magic number: 15:567:441
[    7.538019] rtc_cmos rtc_cmos: setting system clock to 2019-12-18 17:25:58 UTC (1576689958)
[    7.543938] BIOS EDD facility v0.16 2004-Jun-25, 0 devices found
[    7.548669] EDD information not available.
[    7.568499] Freeing unused kernel image memory: 2428K
[    7.592383] Write protecting the kernel read-only data: 20480k
[    7.604882] Freeing unused kernel image memory: 2008K
[    7.613529] Freeing unused kernel image memory: 1880K
[    7.631792] x86/mm: Checked W+X mappings: passed, no W+X pages found.
[    7.647553] x86/mm: Checking user space page tables
[    7.657812] x86/mm: Checked W+X mappings: passed, no W+X pages found.
Loading, please wait...
starting version 237
[    7.783072] e1000: Intel(R) PRO/1000 Network Driver - version 7.3.21-k8-NAPI
[    7.875552] e1000: Copyright (c) 1999-2006 Intel Corporation.
[    7.877756] Fusion MPT base driver 3.04.20
[    7.890696] Copyright (c) 1999-2008 LSI Corporation
[    7.915377] Fusion MPT SPI Host driver 3.04.20
[    7.963950] AVX2 version of gcm_enc/dec engaged.
[    7.975400] AES CTR mode by8 optimization enabled
[    8.138668] input: ImExPS/2 Generic Explorer Mouse as /devices/platform/i8042/serio1/input/input4
[    8.285617] e1000 0000:00:03.0 eth0: (PCI:33MHz:32-bit) 02:82:7a:7b:51:94
[   10.129364] e1000 0000:00:03.0 eth0: Intel(R) PRO/1000 Network Connection
[   10.344545] mptbase: ioc0: Initiating bringup
[   10.479611] ioc0: LSI53C1030 A0: Capabilities={Initiator}
[   11.855648] scsi host2: ioc0: LSI53C1030 A0, FwRev=00000000h, Ports=1, MaxQ=256, IRQ=20
[   13.691560] scsi 2:0:0:0: Direct-Access     VBOX     HARDDISK         1.0  PQ: 0 ANSI: 5
[   13.892112] scsi target2:0:0: Beginning Domain Validation
[   13.898291] scsi target2:0:0: Domain Validation skipping write tests
[   13.938903] scsi target2:0:0: Ending Domain Validation
[   13.954811] scsi target2:0:0: asynchronous
[   13.968889] scsi 2:0:1:0: Direct-Access     VBOX     HARDDISK         1.0  PQ: 0 ANSI: 5
[   14.098973] scsi target2:0:1: Beginning Domain Validation
[   14.113487] e1000 0000:00:08.0 eth1: (PCI:33MHz:32-bit) 08:00:27:7b:83:9c
[   14.123420] random: fast init done
[   14.125454] e1000 0000:00:08.0 eth1: Intel(R) PRO/1000 Network Connection
[   14.126736] scsi target2:0:1: Domain Validation skipping write tests
[   14.135530] random: systemd-udevd: uninitialized urandom read (16 bytes read)
[   14.166177] scsi target2:0:1: Ending Domain Validation
[   14.199433] scsi target2:0:1: asynchronous
[   14.199548] random: systemd-udevd: uninitialized urandom read (16 bytes read)
[   14.260845] random: systemd-udevd: uninitialized urandom read (16 bytes read)
[   14.260879] sd 2:0:0:0: Attached scsi generic sg0 type 0
[   14.265747] e1000 0000:00:03.0 enp0s3: renamed from eth0
[   14.346007] sd 2:0:1:0: Attached scsi generic sg1 type 0
[   14.348229] sd 2:0:0:0: [sda] 20971520 512-byte logical blocks: (10.7 GB/10.0 GiB)
[   14.412301] sd 2:0:0:0: [sda] Write Protect is off
[   14.413424] sd 2:0:0:0: [sda] Incomplete mode parameter data
[   14.413439] sd 2:0:1:0: [sdb] 20480 512-byte logical blocks: (10.5 MB/10.0 MiB)
[   14.438641] sd 2:0:0:0: [sda] Assuming drive cache: write through
[   14.458092] e1000 0000:00:08.0 enp0s8: renamed from eth1
[   14.470934]  sda: sda1
[   14.472285] sd 2:0:1:0: [sdb] Write Protect is off
[   14.473341] sd 2:0:1:0: [sdb] Incomplete mode parameter data
[   14.474457] sd 2:0:1:0: [sdb] Assuming drive cache: write through
[   14.475751] sd 2:0:0:0: [sda] Attached SCSI disk
[   14.478843] sd 2:0:1:0: [sdb] Attached SCSI disk
Begin: Loading essential drivers ... [   15.972106] raid6: sse2x1   gen()  9960 MB/s
[   16.052128] raid6: sse2x1   xor()  6801 MB/s
[   16.148179] raid6: sse2x2   gen() 12059 MB/s
[   16.208206] raid6: sse2x2   xor()  7555 MB/s
[   16.304514] raid6: sse2x4   gen() 14386 MB/s
[   16.416020] raid6: sse2x4   xor()  8856 MB/s
[   16.468514] raid6: avx2x1   gen() 19024 MB/s
[   16.560064] raid6: avx2x1   xor() 11422 MB/s
[   16.672220] raid6: avx2x2   gen() 22581 MB/s
[   16.772228] raid6: avx2x2   xor() 12640 MB/s
[   16.864505] raid6: avx2x4   gen() 25718 MB/s
[   16.920144] raid6: avx2x4   xor() 16121 MB/s
[   16.961580] raid6: using algorithm avx2x4 gen() 25718 MB/s
[   17.057021] raid6: .... xor() 16121 MB/s, rmw enabled
[   17.062734] raid6: using avx2x2 recovery algorithm
[   17.102732] xor: automatically using best checksumming function   avx       
[   17.177047] async_tx: api initialized (async)
done.
Begin: Running /scripts/init-premount ... done.
Begin: Mounting root file system ... Begin: Running /scripts/local-top ... don[   17.286383] Btrfs loaded, crc32c=crc32c-intel
e.
Begin: Running /scripts/local-premount ... Scanning for Btrfs filesystems
done.
Warning: fsck not present, so sk[   17.360414] EXT4-fs (sda1): mounted filesystem with ordered data mode. Opts: (null)
ipping root file system
done.
Begin: Running /scripts/local-bottom ... done.
Begin: Running /scripts/init-bottom ... done.
[   17.605025] ip_tables: (C) 2000-2006 Netfilter Core Team
[   17.790376] systemd[1]: systemd 237 running in system mode. (+PAM +AUDIT +SELINUX +IMA +APPARMOR +SMACK +SYSVINIT +UTMP +LIBCRYPTSETUP +GCRYPT +GNUTLS +ACL +XZ +LZ4 +SECCOMP +BLKID +ELFUTILS +KMOD -IDN2 +IDN -PCRE2 default-hierarchy=hybrid)
[   19.727355] systemd[1]: Detected virtualization oracle.
[   19.799341] systemd[1]: Detected architecture x86-64.

Welcome to [1mUbuntu 18.04.3 LTS[0m!

[   19.888769] systemd[1]: Set hostname to <ubuntu-bionic>.
[   21.625845] systemd[1]: Set up automount Arbitrary Executable File Formats File System Automount Point.
[[0;32m  OK  [0m] Set up automount Arbitrary Executabâ€¦rmats File System Automount Point.
[   24.240478] systemd[1]: Reached target Swap.
[[0;32m  OK  [0m] Reached target Swap.
[   24.467140] systemd[1]: Started Forward Password Requests to Wall Directory Watch.
[[0;32m  OK  [0m] Started Forward Password Requests to Wall Directory Watch.
[   24.804261] systemd[1]: Reached target System Time Synchronized.
[[0;32m  OK  [0m] Reached target System Time Synchronized.
[   25.788830] systemd[1]: Reached target User and Group Name Lookups.
[[0;32m  OK  [0m] Reached target User and Group Name Lookups.
[   26.744937] systemd[1]: Created slice User and Session Slice.
[[0;32m  OK  [0m] Created slice User and Session Slice.
[   28.169363] systemd[1]: Created slice System Slice.
[[0;32m  OK  [0m] Created slice System Slice.
[   28.348575] systemd[1]: Listening on LVM2 metadata daemon socket.
[[0;32m  OK  [0m] Listening on LVM2 metadata daemon socket.
[   28.424374] systemd[1]: Listening on Syslog Socket.
[[0;32m  OK  [0m] Listening on Syslog Socket.
[   28.459153] systemd[1]: Listening on udev Control Socket.
[[0;32m  OK  [0m] Listening on udev Control Socket.
[   28.492635] systemd[1]: Listening on LVM2 poll daemon socket.
[[0;32m  OK  [0m] Listening on LVM2 poll daemon socket.
[[0;32m  OK  [0m] Listening on Journal Socket.
         Mounting Huge Pages File System...
         Mounting POSIX Message Queue File System...
         Starting Remount Root and Kernel File Systems...
[   28.663135] EXT4-fs (sda1): re-mounted. Opts: (null)
         Mounting Kernel Debug File System...
[   28.830559] random: crng init done
[   28.855547] random: 7 urandom warning(s) missed due to ratelimiting
         Starting Uncomplicated firewall...
         Starting Load Kernel Modules...
         [   28.987825] Loading iSCSI transport class v2.0-870.
Starting Set the console keyboard layout...
[[0;32m  OK  [0[   29.049457] iscsi: registered transport (tcp)
m] Listening on Network Service Netlink Socket.
[[0;32m  OK  [0m] Listening on Journal Socket (/dev/log).
[   29.209154] iscsi: registered transport (iser)
[[0;32m  OK  [0m] Listening on udev Kernel Socket.
[   29.251507] systemd[1]: Starting udev Coldplug all Devices...
         Starting udev Coldplug all Devices...
[   29.300673] systemd[1]: Starting Create list of required static device nodes for the current kernel...
         Starting Create list of required stâ€¦ce nodes for the current kernel...
[   29.440871] systemd[1]: Created slice system-serial\x2dgetty.slice.
[[0;32m  OK  [0m] Created slice system-serial\x2dgetty.slice.
[   29.454913] systemd[1]: Reached target Slices.
[[0;32m  OK  [0m] Reached target Slices.
[   29.472724] systemd[1]: Listening on Device-mapper event daemon FIFOs.
[[0;32m  OK  [0m] Listening on Device-mapper event daemon FIFOs.
[   29.642220] systemd[1]: Starting Monitoring of LVM2 mirrors, snapshots etc. using dmeventd or progress polling...
         Starting Monitoring of LVM2 mirrorsâ€¦ng dmeventd or progress polling...
[   29.768718] systemd[1]: Listening on /dev/initctl Compatibility Named Pipe.
[[0;32m  OK  [0m] Listening on /dev/initctl Compatibility Named Pipe.
[   31.828943] systemd[1]: Listening on Journal Audit Socket.
[[0;32m  OK  [0m] Listening on Journal Audit Socket.
[   31.905041] systemd[1]: Starting Journal Service...
         Starting Journal Service...
[   31.948532] systemd[1]: Mounted Huge Pages File System.
[[0;32m  OK  [0m] Mounted Huge Pages File System.
[[0;32m  OK  [0m] Mounted POSIX Message Queue File System.
[[0;32m  OK  [0m] Started Remount Root and Kernel File Systems.
[[0;32m  OK  [0m] Mounted Kernel Debug File System.
[[0;32m  OK  [0m] Started Uncomplicated firewall.
[[0;32m  OK  [0m] Started Load Kernel Modules.
[[0;32m  OK  [0m] Started Journal Service.
[[0;32m  OK  [0m] Started Set the console keyboard layout.
[[0;32m  OK  [0m] Started Create list of required staâ€¦vice nodes for the current kernel.
[[0;32m  OK  [0m] Started LVM2 metadata daemon.
         Starting Create Static Device Nodes in /dev...
         Starting Apply Kernel Variables...
         Mounting FUSE Control File System...
         Mounting Kernel Configuration File System...
         Starting Load/Save Random Seed...
         Starting Flush Journal to Persistent Storage...
[[0;32m  OK  [0m] Started Monitoring of LVM2 mirrors,â€¦sing dmeventd or progress polling.
[[0;32m  OK  [0m] Started udev Coldplug all Devices.
[[0;32m  OK  [0m] Started Create Static Device Nodes in /dev.
[[0;32m  OK  [0m] Started Apply Kernel Variables.
[[0;32m  OK  [0m] Mounted FUSE Control File System.
[[0;32m  OK  [0m] Mounted Kernel Configuration File System.
[[0;32m  OK  [0m] Started Load/Save Random Seed.
         Starting udev Kernel Device Manager...
[[0;32m  OK  [0m] Reached target Local File Systems (Pre).
[[0;32m  OK  [0m] Reached target Local File Systems.
         Starting Tell Plymouth To Write Out Runtime Data...
         Starting ebtables ruleset management...
         Starting Set console font and keymap...
         Starting AppArmor initialization...
[[0;32m  OK  [0m] Started udev Kernel Device Manager.
[[0;32m  OK  [0m] Started Tell Plymouth To Write Out Runtime Data.
[[0;32m  OK  [0m] Started Dispatch Password Requests to Console Directory Watch.
[[0;32m  OK  [0m] Reached target Local Encrypted Volumes.
[[0;32m  OK  [0m] Started Set console font and keymap.
[[0;32m  OK  [0m] Started ebtables ruleset management.
[[0;32m  OK  [0m] Started Flush Journal to Persistent Storage.
         Starting Create Volatile Files and Directories...
[[0;32m  OK  [0m] Started Create Volatile Files and Directories.
         Starting Update UTMP about System Boot/Shutdown...
[[0;32m  OK  [0m] Started Update UTMP about System Boot/Shutdown.
[[0;32m  OK  [0m] Started AppArmor initialization.
[[0;32m  OK  [0m] Found device /dev/ttyS0.
         Starting Initial cloud-init job (pre-networking)...
[[0;32m  OK  [0m] Listening on Load/Save RF Kill Switch Status /dev/rfkill Watch.
[   38.468976] cloud-init[523]: Cloud-init v. 19.2-36-g059d049c-0ubuntu1~18.04.1 running 'init-local' at Wed, 18 Dec 2019 17:26:28 +0000. Up 37.13 seconds.
[[0;32m  OK  [0m] Started Initial cloud-init job (pre-networking).
[[0;32m  OK  [0m] Reached target Network (Pre).
         Starting Network Service...
[[0;32m  OK  [0m] Started Network Service.
         Starting Network Name Resolution...
         Starting Wait for Network to be Configured...
[[0;32m  OK  [0m] Started Network Name Resolution.
[[0;32m  OK  [0m] Reached target Host and Network Name Lookups.
[[0;32m  OK  [0m] Reached target Network.
[[0;32m  OK  [0m] Started Wait for Network to be Configured.
         Starting Initial cloud-init job (metadata service crawler)...
[   42.211325] cloud-init[682]: Cloud-init v. 19.2-36-g059d049c-0ubuntu1~18.04.1 running 'init' at Wed, 18 Dec 2019 17:26:32 +0000. Up 42.00 seconds.
[   42.255377] cloud-init[682]: ci-info: ++++++++++++++++++++++++++++++++++++++Net device info+++++++++++++++++++++++++++++++++++++++
[   42.260668] cloud-init[682]: ci-info: +--------+------+-----------------------------+---------------+--------+-------------------+
[   42.263818] cloud-init[682]: ci-info: | Device |  Up  |           Address           |      Mask     | Scope  |     Hw-Address    |
[   42.265875] cloud-init[682]: ci-info: +--------+------+-----------------------------+---------------+--------+-------------------+
[   42.324274] cloud-init[682]: ci-info: | enp0s3 | True |          10.0.2.15          | 255.255.255.0 | global | 02:82:7a:7b:51:94 |
[   42.342026] cloud-init[682]: ci-info: | enp0s3 | True |  fe80::82:7aff:fe7b:5194/64 |       .       |  link  | 02:82:7a:7b:51:94 |
[   42.388285] cloud-init[682]: ci-info: | enp0s8 | True |        192.168.33.10        | 255.255.255.0 | global | 08:00:27:7b:83:9c |
[   42.440401] cloud-init[682]: ci-info: | enp0s8 | True | fe80::a00:27ff:fe7b:839c/64 |       .       |  link  | 08:00:27:7b:83:9c |
[[0;32m  OK  [0m] Started Initial cloud-init job (metadata service crawler).
[   42.537011] cloud-init[682]: ci-info: |   lo   | True |          127.0.0.1          |   255.0.0.0   |  host  |         .         |
[[0;32m  OK  [0m] Reached target Cloud-config availability.
[[0;32m  OK  [0m] Reached target System Initialization.
[   42.586784] cloud-init[682]: ci-info: |   lo   | True |           ::1/128           |       .       |  host  |         .         |
[[0;32m  OK  [0m] Listening on Open-iSCSI iscsid Socket.
[   42.749608] [[0;32m  OK  [0m] Listening on D-Bus System Message Bus Socket.
cloud-init[682]: ci-info: +--------+------+-----------------------------+---------------+--------+-------------------+
         Starting LXD - unix socket.
[   42.876871] cloud-init[682]: ci-info: +++++++++++++++++++++++++++++Route IPv4 info+++++++++++++++++++++++++++++
[[0;32m  OK  [0m] Started ACPI Events Check.
[   42.952602] cloud-init[682]: ci-info: +-------+--------------+----------+-----------------+-----------+-------+
[[0;32m  OK  [0m] Started Discard unused blocks once a week.
[   43.015144] cloud-init[682]: ci-info: | Route | Destination  | Gateway  |     Genmask     | Interface | Flags |
[[0;32m  OK  [0m] Listening on UUID daemon activation socket.
[   43.026855] [cloud-init[0;32m  OK  [0m[682]: ] ci-info: +-------+--------------+----------+-----------------+-----------+-------+Started Message of the Day.

         Starting Socket activation for snappy daemon.
[   43.149740] [cloud-init[0;32m  OK  [0m[682]: ] ci-info: |   0   |   0.0.0.0    | 10.0.2.2 |     0.0.0.0     |   enp0s3  |   UG  |Started Daily Cleanup of Temporary Directories.

[[0;32m  OK  [0m] Started Daily apt download activities.
[[0;32m  OK  [0m] Started Daily apt upgrade and clean activities.
[   43.253126] [cloud-init[0;32m  OK  [0m[682]: ] ci-info: |   1   |   10.0.2.0   | 0.0.0.0  |  255.255.255.0  |   enp0s3  |   U   |Reached target Timers.

[[0;32m  OK  [0m] Reached target Paths.
[[0;32m  OK  [0m] Listening on ACPID Listen Socket.
[   43.438313] cloud-init[682]: ci-info: |   2   |   10.0.2.2   | 0.0.0.0  | 255.255.255.255 |   enp0s3  |   UH  |
[[0;32m  OK  [0m] Reached target Network is Online.
[   43.529086] cloud-init[682]: ci-info: |   3   | 192.168.33.0 | 0.0.0.0  |  255.255.255.0  |   enp0s8  |   U   |
[   43.648936] cloud-init[682]: ci-info: +-------+--------------+----------+-----------------+-----------+-------+
         Starting Availability of block devices...
[   43.748752] [cloud-init[0;32m  OK  [0m[682]: ] ci-info: +++++++++++++++++++Route IPv6 info+++++++++++++++++++Reached target Remote File Systems (Pre).

[[0;32m  OK  [0m] Reached target Remote File Systems.
[   43.912794] [cloud-init[0;32m  OK  [0m[682]: ] ci-info: +-------+-------------+---------+-----------+-------+Listening on LXD - unix socket.

[[0;32m  OK  [0m] Listening on Socket activation for snappy daemon.
[   44.009593] cloud-init[682]: ci-info: | Route | Destination | Gateway | Interface | Flags |
[[0;32m  OK  [0m] Started Availability of block devices.
[   44.112629] cloud-init[682]: ci-info: +-------+-------------+---------+-----------+-------+
[[0;32m  OK  [0m] Reached target Sockets.
[[0;32m  OK  [0m] Reached target Basic System.
[   44.228687] cloud-init[682]: ci-info: |   1   |  fe80::/64  |    ::   |   enp0s8  |   U   |
[[0;32m  OK  [0m] Started Regular background program processing daemon.
[   44.332179] cloud-init[682]: ci-info: |   2   |  fe80::/64  |    ::   |   enp0s3  |   U   |
         Starting LSB: automatic crash report generation...
[   44.455241] cloud-init[682]: ci-info: |   4   |    local    |    ::   |   enp0s3  |   U   |
         Starting System Logging Service...
[   44.517144] cloud-init[682]: ci-info: |   5   |    local    |    ::   |   enp0s8  |   U   |
         Starting OpenBSD Secure Shell server...
[   44.579102] cloud-init[682]: ci-info: |   6   |   ff00::/8  |    ::   |   enp0s8  |   U   |
         Starting LSB: Record successful boot for GRUB...
[   44.644503] cloud-init[682]: ci-info: |   7   |   ff00::/8  |    ::   |   enp0s3  |   U   |
         Starting Dispatcher daemon for systemd-networkd...
[   44.723842] cloud-init[682]: ci-info: +-------+-------------+---------+-----------+-------+
[[0;32m  OK  [0m] Started FUSE filesystem for LXC.
         Starting Snappy daemon...
         Starting Permit User Sessions...
[[0;32m  OK  [0m] Started Deferred execution scheduler.
         Starting Login Service...
         Starting Accounts Service...
         Starting vboxadd.service...
[[0;32m  OK  [0m] Started irqbalance daemon.
[[0;32m  OK  [0m] Started D-Bus System Message Bus.
         Starting LXD - container startup/shutdown...
[[0;32m  OK  [0m] Started System Logging Service.
[[0;32m  OK  [0m] Started Permit User Sessions.
[[0;32m  OK  [0m] Started Login Service.
[[0;32m  OK  [0m] Started OpenBSD Secure Shell server.
[[0;32m  OK  [0m] Started Unattended Upgrades Shutdown.
         Starting Hold until boot process finishes up...
         Starting Terminate Plymouth Boot Screen...
[[0;32m  OK  [0m] Started Dispatcher daemon for systemd-networkd.
[[0;32m  OK  [0m] Started Hold until boot process finishes up.
[[0;32m  OK  [0m] Started Terminate Plymouth Boot Screen.
[[0;32m  OK  [0m] Started Serial Getty on ttyS0.
         Starting Set console scheme...
[[0;32m  OK  [0m] Started LSB: automatic crash report generation.
[[0;32m  OK  [0m] Started LSB: Record successful boot for GRUB.
[[0;32m  OK  [0m] Started Set console scheme.
[[0;32m  OK  [0m] Created slice system-getty.slice.
[[0;32m  OK  [0m] Started Getty on tty1.
[[0;32m  OK  [0m] Reached target Login Prompts.
[[0;32m  OK  [0m] Started LXD - container startup/shutdown.
         Starting Authorization Manager...
[[0;32m  OK  [0m] Started Authorization Manager.
[[0;32m  OK  [0m] Started vboxadd.service.
[[0;32m  OK  [0m] Started Accounts Service.
         Starting vboxadd-service.service...
[[0;32m  OK  [0m] Started Snappy daemon.
         Starting Wait until snapd is fully seeded...
[[0;32m  OK  [0m] Started Wait until snapd is fully seeded.
[[0;32m  OK  [0m] Started vboxadd-service.service.
[[0;32m  OK  [0m] Reached target Multi-User System.
[[0;32m  OK  [0m] Reached target Graphical Interface.
         Starting Update UTMP about System Runlevel Changes...
         Starting Apply the settings specified in cloud-config...
[[0;32m  OK  [0m] Started Update UTMP about System Runlevel Changes.
[   47.056398] cloud-init[1148]: Cloud-init v. 19.2-36-g059d049c-0ubuntu1~18.04.1 running 'modules:config' at Wed, 18 Dec 2019 17:26:37 +0000. Up 46.85 seconds.
[[0;32m  OK  [0m] Started Apply the settings specified in cloud-config.
         Starting Execute cloud user/final scripts...
[[0;32m  OK  [0m] Created slice User Slice of vagrant.
         Starting User Manager for UID 1000...
[[0;32m  OK  [0m] Started Session 1 of user vagrant.
[[0;32m  OK  [0m] Started User Manager for UID 1000.
[   48.447395] cloud-init[1186]: Cloud-init v. 19.2-36-g059d049c-0ubuntu1~18.04.1 running 'modules:final' at Wed, 18 Dec 2019 17:26:39 +0000. Up 48.17 seconds.
[[0;32m  OK  [0m] Started Execute cloud user/final scripts.
[   48.707222] cloud-init[1186]: Cloud-init v. 19.2-36-g059d049c-0ubuntu1~18.04.1 finished at Wed, 18 Dec 2019 17:26:39 +0000. Datasource DataSourceNoCloud [seed=/dev/sdb][dsmode=net].  Up 48.43 seconds
[[0;32m  OK  [0m] Reached target Cloud-init target.

Ubuntu 18.04.3 LTS ubuntu-bionic ttyS0

ubuntu-bionic login: [ 4475.185127] BUG: unable to handle kernel paging request at 000001fe00000101
[ 4475.195394] IP: 0x1fe00000101
[ 4475.195967] PGD 0 P4D 0 
[ 4475.196465] Oops: 0010 [#1] SMP PTI
[ 4475.197131] Modules linked in: vboxsf isofs input_leds video serio_raw vboxguest sch_fq_codel ib_iser rdma_cm iw_cm ib_cm ib_core iscsi_tcp libiscsi_tcp libiscsi scsi_transport_iscsi ip_tables x_tables autofs4 btrfs zstd_compress raid10 raid456 async_raid6_recov async_memcpy async_pq async_xor async_tx xor raid6_pq libcrc32c raid1 raid0 multipath linear crct10dif_pclmul crc32_pclmul ghash_clmulni_intel pcbc aesni_intel mptspi aes_x86_64 scsi_transport_spi crypto_simd mptscsih glue_helper cryptd psmouse mptbase e1000
[ 4475.211153] CPU: 1 PID: 3376 Comm: thread_pool.rb* Not tainted 4.15.0-72-generic #81-Ubuntu
[ 4475.215205] Hardware name: innotek GmbH VirtualBox/VirtualBox, BIOS VirtualBox 12/01/2006
[ 4475.216379] RIP: 0010:0x1fe00000101
[ 4475.216884] RSP: 0018:ffffb4014074fa70 EFLAGS: 00010246
[ 4475.217612] RAX: 0000000000000001 RBX: ffffb4014074fb30 RCX: ffff89d924ca9f80
[ 4475.220507] RDX: ffff89d924ca7980 RSI: dead0000000000ff RDI: ffff89d93a14f640
[ 4475.231590] RBP: 00000003ffffffff R08: 00000000000260e0 R09: ffff89d91e312c00
[ 4475.232871] R10: ffffe49200eec1c0 R11: 000000000000006c R12: ffff89d924ca8000
[ 4475.234216] R13: ffffb4014074fb38 R14: ffffffff24ca7cc0 R15: ffff89d924ca8058
[ 4475.235551] FS:  00007efd9ec80700(0000) GS:ffff89d93fd00000(0000) knlGS:0000000000000000
[ 4475.237176] CS:  0010 DS: 0000 ES: 0000 CR0: 0000000080050033
[ 4475.238282] CR2: 000001fe00000101 CR3: 00000000393aa000 CR4: 00000000000406e0
[ 4475.239619] Call Trace:
[ 4475.240158]  ? select_collect+0x90/0x90
[ 4475.240922]  ? d_invalidate+0xb8/0x110
[ 4475.241676]  ? lookup_fast+0x2cd/0x320
[ 4475.242437]  ? _cond_resched+0x19/0x40
[ 4475.243185]  ? walk_component+0x49/0x470
[ 4475.243961]  ? __inode_permission+0x5b/0x160
[ 4475.244795]  ? link_path_walk+0x1bc/0x5a0
[ 4475.245586]  ? path_init+0x180/0x310
[ 4475.246323]  ? path_openat+0xe1/0x1960
[ 4475.247084]  ? make_kgid+0x17/0x20
[ 4475.247784]  ? sf_inode_revalidate+0xc6/0xe0 [vboxsf]
[ 4475.248763]  ? do_filp_open+0x9b/0x110
[ 4475.249518]  ? __check_object_size+0xc8/0x1b0
[ 4475.250409]  ? __alloc_fd+0xb2/0x170
[ 4475.251129]  ? do_sys_open+0x1bb/0x2c0
[ 4475.251810]  ? do_sys_open+0x1bb/0x2c0
[ 4475.252396]  ? SyS_openat+0x14/0x20
[ 4475.252972]  ? do_syscall_64+0x73/0x130
[ 4475.253567]  ? entry_SYSCALL_64_after_hwframe+0x3d/0xa2
[ 4475.254374] Code:  Bad RIP value.
[ 4475.264132] RIP: 0x1fe00000101 RSP: ffffb4014074fa70
[ 4475.264851] CR2: 000001fe00000101
[ 4475.265413] ---[ end trace ee0827f304253515 ]---
